# What each instance did, as of this run. Regenerated only on
# purpose: `make netlib-baseline` after a change whose effect on
# these numbers has been read and accepted. A quiet update here
# is a regression nobody will ever be told about.
#
# name status solved shape objective checker det iters work dropped
bgdbg1       infeasible   1 1 1 1 1 0 68 -1
bgetam       infeasible   1 1 1 1 1 15 34145 -1
bgindy       infeasible   1 1 1 1 1 2 390553 -1
bgprtr       infeasible   1 1 1 1 1 25 14944 -1
box1         infeasible   1 1 1 1 1 16 24125 -1
ceria3d      infeasible   1 1 1 1 1 0 23485 -1
chemcom      infeasible   1 1 1 1 1 6 20049 -1
cplex1       infeasible   1 1 1 1 1 1094 5407700 -1
cplex2       infeasible   1 1 1 1 1 463 2792060 -1
ex72a        infeasible   1 1 1 1 1 137 136726 -1
ex73a        infeasible   1 1 1 1 1 100 77538 -1
forest6      infeasible   1 1 1 1 1 77 90009 -1
galenet      infeasible   1 1 1 1 1 0 26 -1
gosh         infeasible   1 1 1 1 1 18928 1893599218 -1
gran         infeasible   1 1 1 1 1 0 311 -1
greenbea     infeasible   1 1 1 1 1 0 22782 -1
itest2       infeasible   1 1 1 1 1 0 10 -1
itest6       infeasible   1 1 1 1 1 0 9 -1
klein1       infeasible   1 1 1 1 1 119 534319 -1
klein2       infeasible   1 1 1 1 1 262 5156093 -1
klein3       infeasible   1 1 1 1 1 426 18081831 -1
mondou2      infeasible   1 1 1 1 1 262 272896 -1
pang         infeasible   1 1 1 1 1 406 1840788 -1
pilot4i      infeasible   1 1 1 1 1 0 13185 -1
qual         infeasible   1 1 1 1 1 406 1835036 -1
reactor      infeasible   1 1 1 1 1 0 925 -1
refinery     infeasible   1 1 1 1 1 358 1249477 -1
vol1         infeasible   1 1 1 1 1 368 1597697 -1
woodinfe     infeasible   1 1 1 1 1 0 1 -1
